RAM Allocation
Variable                                                          Address   Size
--------------------------------------------------------------------------------
T1                                                                0160h        3
_base_y                                                           0163h        4

EEPROM Allocation
Variable                                                          Address   Size
--------------------------------------------------------------------------------

Register Allocation
Variable                                                          Register  Size
--------------------------------------------------------------------------------
flag                                                              R2.0      1bit
_lcd_x                                                            R5           1
_lcd_y                                                            R4           1
_lcd_maxx                                                         R7           1
